******************************************************************************
                  TI ARM Linker PC v16.9.4                     
******************************************************************************
>> Linked Tue Nov 28 23:48:06 2017

OUTPUT FILE NAME:   <Lab_7.out>
ENTRY POINT SYMBOL: "_c_int00"  address: 00001ff1


MEMORY CONFIGURATION

         name            origin    length      used     unused   attr    fill
----------------------  --------  ---------  --------  --------  ----  --------
  MAIN                  00000000   00040000  00002561  0003da9f  R  X
  INFO                  00200000   00004000  00000000  00004000  R  X
  SRAM_CODE             01000000   00010000  00000670  0000f990  RW X
  SRAM_DATA             20000000   00010000  00000670  0000f990  RW  


SEGMENT ALLOCATION MAP

run origin  load origin   length   init length attrs members
----------  ----------- ---------- ----------- ----- -------
00000000    00000000    00002568   00002568    r-x
  00000000    00000000    000000e4   000000e4    r-- .intvecs
  000000e4    000000e4    00002330   00002330    r-x .text
  00002418    00002418    000000e5   000000e5    r-- .const
  00002500    00002500    00000068   00000068    r-- .cinit
20000000    20000000    00000470   00000000    rw-
  20000000    20000000    00000408   00000000    rw- .bss
  20000408    20000408    00000068   00000000    rw- .data
2000fe00    2000fe00    00000200   00000000    rw-
  2000fe00    2000fe00    00000200   00000000    rw- .stack


SECTION ALLOCATION MAP

 output                                  attributes/
section   page    origin      length       input sections
--------  ----  ----------  ----------   ----------------
.intvecs   0    00000000    000000e4     
                  00000000    000000e4     startup_msp432p401r_ccs.obj (.intvecs:retain)

.binit     0    00000000    00000000     

.text      0    000000e4    00002330     
                  000000e4    000009ac     rtsv7M4_T_le_v4SPD16_eabi.lib : e_pow.obj (.text)
                  00000a90    00000450     main.obj (.text)
                  00000ee0    0000032c     system_msp432p401r.obj (.text)
                  0000120c    000001b6     rtsv7M4_T_le_v4SPD16_eabi.lib : fd_add_t2.obj (.text)
                  000013c2    00000002                                   : mpu_init.obj (.text)
                  000013c4    00000170                                   : e_sqrt.obj (.text)
                  00001534    0000014c     msp432p4xx_driverlib.lib : cs.o (.text:CS_setDCOFrequency)
                  00001680    00000136     rtsv7M4_T_le_v4SPD16_eabi.lib : fd_div_t2.obj (.text)
                  000017b6    000000fc                                   : fd_mul_t2.obj (.text)
                  000018b2    00000002                                   : startup.obj (.text)
                  000018b4    000000fc                                   : s_scalbn.obj (.text)
                  000019b0    000000e0     msp432p4xx_driverlib.lib : cs.o (.text:CS_initClockSignal)
                  00001a90    000000b2                              : timer_a.o (.text:privateTimer_AProcessClockSourceDivider)
                  00001b42    0000009c     rtsv7M4_T_le_v4SPD16_eabi.lib : memcpy_t2.obj (.text)
                  00001bde    00000002     --HOLE-- [fill = 0]
                  00001be0    00000094     msp432p4xx_driverlib.lib : uart.o (.text:UART_initModule)
                  00001c74    00000086     rtsv7M4_T_le_v4SPD16_eabi.lib : fd_cmp_t2.obj (.text:__aeabi_cdcmple)
                  00001cfa    00000086                                   : fd_cmp_t2.obj (.text:__aeabi_cdrcmple)
                  00001d80    0000007a                                   : memset_t2.obj (.text)
                  00001dfa    00000002     --HOLE-- [fill = 0]
                  00001dfc    00000070                                   : autoinit.obj (.text)
                  00001e6c    00000068                                   : copy_decompress_lzss.obj (.text:decompress:lzss)
                  00001ed4    00000064     msp432p4xx_driverlib.lib : interrupt.o (.text:Interrupt_disableInterrupt)
                  00001f38    00000064                              : interrupt.o (.text:Interrupt_enableInterrupt)
                  00001f9c    00000054                              : cs.o (.text:CS_tuneDCOFrequency)
                  00001ff0    00000054     rtsv7M4_T_le_v4SPD16_eabi.lib : boot.obj (.text)
                  00002044    00000054                                   : exit.obj (.text)
                  00002098    00000050     msp432p4xx_driverlib.lib : sysctl.o (.text:SysCtl_getTLVInfo)
                  000020e8    0000004c     rtsv7M4_T_le_v4SPD16_eabi.lib : cpy_tbl.obj (.text)
                  00002134    00000048     msp432p4xx_driverlib.lib : gpio.o (.text:GPIO_setAsPeripheralModuleFunctionInputPin)
                  0000217c    00000048     rtsv7M4_T_le_v4SPD16_eabi.lib : fd_toi_t2.obj (.text)
                  000021c4    00000044     msp432p4xx_driverlib.lib : timer_a.o (.text:Timer_A_configureUpMode)
                  00002208    00000030                              : uart.o (.text:UART_getEnabledInterruptStatus)
                  00002238    0000002e     rtsv7M4_T_le_v4SPD16_eabi.lib : i_tofd_t2.obj (.text)
                  00002266    00000002     --HOLE-- [fill = 0]
                  00002268    00000024     msp432p4xx_driverlib.lib : cs.o (.text:CS_setDCOCenteredFrequency)
                  0000228c    00000024                              : gpio.o (.text:GPIO_setAsOutputPin)
                  000022b0    00000024                              : uart.o (.text:UART_receiveData)
                  000022d4    00000024                              : uart.o (.text:UART_transmitData)
                  000022f8    00000018                              : gpio.o (.text:GPIO_setOutputLowOnPin)
                  00002310    00000018     rtsv7M4_T_le_v4SPD16_eabi.lib : args_main.obj (.text)
                  00002328    00000016     msp432p4xx_driverlib.lib : uart.o (.text:UART_enableInterrupt)
                  0000233e    00000002     --HOLE-- [fill = 0]
                  00002340    00000014                              : gpio.o (.text:GPIO_setOutputHighOnPin)
                  00002354    00000014     rtsv7M4_T_le_v4SPD16_eabi.lib : _lock.obj (.text)
                  00002368    00000014                                   : s_copysign.obj (.text)
                  0000237c    00000010     msp432p4xx_driverlib.lib : interrupt.o (.text:Interrupt_disableMaster)
                  0000238c    00000010                              : interrupt.o (.text:Interrupt_enableMaster)
                  0000239c    0000000e                              : uart.o (.text:UART_clearInterruptFlag)
                  000023aa    0000000e     rtsv7M4_T_le_v4SPD16_eabi.lib : copy_decompress_none.obj (.text:decompress:none)
                  000023b8    0000000e     startup_msp432p401r_ccs.obj (.text)
                  000023c6    0000000c     msp432p4xx_driverlib.lib : cpu.o (.text:CPU_cpsid)
                  000023d2    0000000c                              : cpu.o (.text:CPU_cpsie)
                  000023de    0000000c                              : timer_a.o (.text:Timer_A_clearInterruptFlag)
                  000023ea    0000000c                              : uart.o (.text:UART_enableModule)
                  000023f6    0000000c     rtsv7M4_T_le_v4SPD16_eabi.lib : copy_zero_init.obj (.text:decompress:ZI)
                  00002402    00000008     msp432p4xx_driverlib.lib : timer_a.o (.text:Timer_A_startCounter)
                  0000240a    00000006                              : uart.o (.text:UART_getInterruptStatus)
                  00002410    00000004     rtsv7M4_T_le_v4SPD16_eabi.lib : pre_init.obj (.text)

.const     0    00002418    000000e5     
                  00002418    00000040     msp432p4xx_driverlib.lib : interrupt.o (.const)
                  00002458    00000030     rtsv7M4_T_le_v4SPD16_eabi.lib : e_pow.obj (.const:$O1$$)
                  00002488    00000024     main.obj (.const:UART_init)
                  000024ac    00000018     main.obj (.const:.string:$P$T0$1)
                  000024c4    00000018     main.obj (.const:.string:$P$T1$2)
                  000024dc    00000018     main.obj (.const:config)
                  000024f4    00000009     main.obj (.const:.string:$P$T2$3)

.cinit     0    00002500    00000068     
                  00002500    00000041     (.cinit..data.load) [load image, compression = lzss]
                  00002541    00000003     --HOLE-- [fill = 0]
                  00002544    0000000c     (__TI_handler_table)
                  00002550    00000008     (.cinit..bss.load) [load image, compression = zero_init]
                  00002558    00000010     (__TI_cinit_table)

.init_array 
*          0    00000000    00000000     UNINITIALIZED

.bss       0    20000000    00000408     UNINITIALIZED
                  20000000    000003e8     (.common:receivedBuffer)
                  200003e8    00000004     (.common:checker)
                  200003ec    00000004     (.common:checker2)
                  200003f0    00000004     (.common:denum)
                  200003f4    00000004     (.common:digit)
                  200003f8    00000004     (.common:midpoint)
                  200003fc    00000004     (.common:n)
                  20000400    00000004     (.common:numOut)
                  20000404    00000004     (.common:phasecount)

.data      0    20000408    00000068     UNINITIALIZED
                  20000408    00000030     msp432p4xx_driverlib.lib : gpio.o (.data:GPIO_PORT_TO_BASE)
                  20000438    00000018     main.obj (.data)
                  20000450    0000000c     rtsv7M4_T_le_v4SPD16_eabi.lib : exit.obj (.data:$O1$$)
                  2000045c    00000008                                   : _lock.obj (.data:$O1$$)
                  20000464    00000004                                   : errno.obj (.data)
                  20000468    00000004                                   : stkdepth_vars.obj (.data)
                  2000046c    00000004     system_msp432p401r.obj (.data)

.stack     0    2000fe00    00000200     UNINITIALIZED
                  2000fe00    00000200     --HOLE--

MODULE SUMMARY

       Module                        code   ro data   rw data
       ------                        ----   -------   -------
    .\
       main.obj                      1104   117       2112   
       system_msp432p401r.obj        812    0         8      
       startup_msp432p401r_ccs.obj   14     228       0      
    +--+-----------------------------+------+---------+---------+
       Total:                        1930   345       2120   
                                                             
    C:/ti/msp432_driverlib_3_21_00_05/driverlib/MSP432P4xx/ccs/msp432p4xx_driverlib.lib
       cs.o                          676    0         0      
       uart.o                        322    0         0      
       interrupt.o                   232    64        0      
       timer_a.o                     266    0         0      
       gpio.o                        152    0         96     
       sysctl.o                      80     0         0      
       cpu.o                         24     0         0      
    +--+-----------------------------+------+---------+---------+
       Total:                        1752   64        96     
                                                             
    C:\ti\ccsv7\tools\compiler\ti-cgt-arm_16.9.4.LTS\lib\rtsv7M4_T_le_v4SPD16_eabi.lib
       e_pow.obj                     2476   48        0      
       fd_add_t2.obj                 438    0         0      
       e_sqrt.obj                    368    0         0      
       fd_div_t2.obj                 310    0         0      
       fd_cmp_t2.obj                 268    0         0      
       fd_mul_t2.obj                 252    0         0      
       s_scalbn.obj                  252    0         0      
       memcpy_t2.obj                 156    0         0      
       memset_t2.obj                 122    0         0      
       autoinit.obj                  112    0         0      
       exit.obj                      84     0         24     
       copy_decompress_lzss.obj      104    0         0      
       boot.obj                      84     0         0      
       cpy_tbl.obj                   76     0         0      
       fd_toi_t2.obj                 72     0         0      
       i_tofd_t2.obj                 46     0         0      
       _lock.obj                     20     0         16     
       args_main.obj                 24     0         0      
       s_copysign.obj                20     0         0      
       copy_decompress_none.obj      14     0         0      
       copy_zero_init.obj            12     0         0      
       errno.obj                     0      0         8      
       stkdepth_vars.obj             0      0         8      
       pre_init.obj                  4      0         0      
       mpu_init.obj                  2      0         0      
       startup.obj                   2      0         0      
    +--+-----------------------------+------+---------+---------+
       Total:                        5318   48        56     
                                                             
       Stack:                        0      0         1024   
       Linker Generated:             0      101       0      
    +--+-----------------------------+------+---------+---------+
       Grand Total:                  9000   558       3296   


LINKER GENERATED COPY TABLES

__TI_cinit_table @ 00002558 records: 2, size/record: 8, table size: 16
	.data: load addr=00002500, load size=00000041 bytes, run addr=20000408, run size=00000068 bytes, compression=lzss
	.bss: load addr=00002550, load size=00000008 bytes, run addr=20000000, run size=00000408 bytes, compression=zero_init


LINKER GENERATED HANDLER TABLE

__TI_handler_table @ 00002544 records: 3, size/record: 4, table size: 12
	index: 0, handler: __TI_decompress_lzss
	index: 1, handler: __TI_decompress_none
	index: 2, handler: __TI_zero_init


GLOBAL SYMBOLS: SORTED ALPHABETICALLY BY Name 

address   name                                      
-------   ----                                      
000023c5  ADC14_IRQHandler                          
000023c5  AES256_IRQHandler                         
000023c5  BusFault_Handler                          
00002045  C$$EXIT                                   
000023c5  COMP_E0_IRQHandler                        
000023c5  COMP_E1_IRQHandler                        
000023c7  CPU_cpsid                                 
000023d3  CPU_cpsie                                 
000023c5  CS_IRQHandler                             
000019b1  CS_initClockSignal                        
00002269  CS_setDCOCenteredFrequency                
00001535  CS_setDCOFrequency                        
00001f9d  CS_tuneDCOFrequency                       
000023c5  DMA_ERR_IRQHandler                        
000023c5  DMA_INT0_IRQHandler                       
000023c5  DMA_INT1_IRQHandler                       
000023c5  DMA_INT2_IRQHandler                       
000023c5  DMA_INT3_IRQHandler                       
000023c5  DebugMon_Handler                          
000023c5  Default_Handler                           
00000d5d  EUSCIA0_IRQHandler                        
00000d5d  EUSCIA0_IRQHandler                        
000023c5  EUSCIA1_IRQHandler                        
000023c5  EUSCIA2_IRQHandler                        
000023c5  EUSCIA3_IRQHandler                        
000023c5  EUSCIB0_IRQHandler                        
000023c5  EUSCIB1_IRQHandler                        
000023c5  EUSCIB2_IRQHandler                        
000023c5  EUSCIB3_IRQHandler                        
000023c5  FLCTL_IRQHandler                          
000023c5  FPU_IRQHandler                            
0000228d  GPIO_setAsOutputPin                       
00002135  GPIO_setAsPeripheralModuleFunctionInputPin
00002341  GPIO_setOutputHighOnPin                   
000022f9  GPIO_setOutputLowOnPin                    
000023c5  HardFault_Handler                         
00001ed5  Interrupt_disableInterrupt                
0000237d  Interrupt_disableMaster                   
00001f39  Interrupt_enableInterrupt                 
0000238d  Interrupt_enableMaster                    
000023c5  MemManage_Handler                         
000023c5  NMI_Handler                               
000023c5  PCM_IRQHandler                            
000023c5  PORT1_IRQHandler                          
000023c5  PORT2_IRQHandler                          
000023c5  PORT3_IRQHandler                          
000023c5  PORT4_IRQHandler                          
000023c5  PORT5_IRQHandler                          
000023c5  PORT6_IRQHandler                          
000023c5  PSS_IRQHandler                            
000023c5  PendSV_Handler                            
000023c5  RTC_C_IRQHandler                          
000023b9  Reset_Handler                             
UNDEFED   SHT$$INIT_ARRAY$$Base                     
UNDEFED   SHT$$INIT_ARRAY$$Limit                    
000023c5  SVC_Handler                               
00002099  SysCtl_getTLVInfo                         
000023c5  SysTick_Handler                           
2000046c  SystemCoreClock                           
00000ee1  SystemCoreClockUpdate                     
00001155  SystemInit                                
000023c5  T32_INT1_IRQHandler                       
000023c5  T32_INT2_IRQHandler                       
000023c5  T32_INTC_IRQHandler                       
000023c5  TA0_0_IRQHandler                          
00000ca9  TA0_N_IRQHandler                          
00000ca9  TA0_N_IRQHandler                          
000023c5  TA1_0_IRQHandler                          
000023c5  TA1_N_IRQHandler                          
000023c5  TA2_0_IRQHandler                          
000023c5  TA2_N_IRQHandler                          
000023c5  TA3_0_IRQHandler                          
000023c5  TA3_N_IRQHandler                          
000023df  Timer_A_clearInterruptFlag                
000021c5  Timer_A_configureUpMode                   
00002403  Timer_A_startCounter                      
0000239d  UART_clearInterruptFlag                   
00002329  UART_enableInterrupt                      
000023eb  UART_enableModule                         
00002209  UART_getEnabledInterruptStatus            
0000240b  UART_getInterruptStatus                   
00002488  UART_init                                 
00001be1  UART_initModule                           
000022b1  UART_receiveData                          
000022d5  UART_transmitData                         
000023c5  UsageFault_Handler                        
4000480c  WDTCTL_SYM                                
000023c5  WDT_A_IRQHandler                          
20010000  __STACK_END                               
00000200  __STACK_SIZE                              
00002558  __TI_CINIT_Base                           
00002568  __TI_CINIT_Limit                          
00002544  __TI_Handler_Table_Base                   
00002550  __TI_Handler_Table_Limit                  
00001dfd  __TI_auto_init                            
20000450  __TI_cleanup_ptr                          
00001e6d  __TI_decompress_lzss                      
000023ab  __TI_decompress_none                      
20000454  __TI_dtors_ptr                            
20000458  __TI_enable_exit_profile_output           
ffffffff  __TI_pprof_out_hndl                       
ffffffff  __TI_prof_data_size                       
ffffffff  __TI_prof_data_start                      
00000000  __TI_static_base__                        
000023f7  __TI_zero_init                            
00001c75  __aeabi_cdcmpeq                           
00001c75  __aeabi_cdcmple                           
00001cfb  __aeabi_cdrcmple                          
0000217d  __aeabi_d2iz                              
00001217  __aeabi_dadd                              
00001681  __aeabi_ddiv                              
000017b7  __aeabi_dmul                              
0000120d  __aeabi_dsub                              
00002239  __aeabi_i2d                               
00001d81  __aeabi_memclr                            
00001d81  __aeabi_memclr4                           
00001d81  __aeabi_memclr8                           
00001b43  __aeabi_memcpy                            
00001b43  __aeabi_memcpy4                           
00001b43  __aeabi_memcpy8                           
00001d83  __aeabi_memset                            
00001d83  __aeabi_memset4                           
00001d83  __aeabi_memset8                           
ffffffff  __binit__                                 
ffffffff  __c_args__                                
000013c3  __mpu_init                                
2000fe00  __stack                                   
00002311  _args_main                                
00001ff1  _c_int00                                  
2000045c  _lock                                     
00002363  _nop                                      
0000235b  _register_lock                            
00002355  _register_unlock                          
000018b3  _system_post_cinit                        
00002411  _system_pre_init                          
20000460  _unlock                                   
00002049  abort                                     
00000dc9  backwardStep                              
ffffffff  binit                                     
200003e8  checker                                   
200003ec  checker2                                  
2000043c  checker3                                  
000024dc  config                                    
000020e9  copy_in                                   
00002369  copysign                                  
00002369  copysignl                                 
20000438  degreespertick                            
200003f0  denum                                     
200003f4  digit                                     
20000464  errno                                     
00002051  exit                                      
00000e5d  forwardStep                               
20000444  intOut                                    
00000000  interruptVectors                          
000018b5  ldexp                                     
000018b5  ldexpl                                    
00000a91  main                                      
20000468  main_func_sp                              
00001b43  memcpy                                    
00001d89  memset                                    
200003f8  midpoint                                  
200003fc  n                                         
20000400  numOut                                    
20000404  phasecount                                
000000e5  pow                                       
000000e5  powl                                      
20000440  q                                         
20000448  r                                         
20000000  receivedBuffer                            
2000044c  s                                         
000018b5  scalbn                                    
000018b5  scalbnl                                   
000013c5  sqrt                                      
000013c5  sqrtl                                     


GLOBAL SYMBOLS: SORTED BY Symbol Address 

address   name                                      
-------   ----                                      
00000000  __TI_static_base__                        
00000000  interruptVectors                          
000000e5  pow                                       
000000e5  powl                                      
00000200  __STACK_SIZE                              
00000a91  main                                      
00000ca9  TA0_N_IRQHandler                          
00000ca9  TA0_N_IRQHandler                          
00000d5d  EUSCIA0_IRQHandler                        
00000d5d  EUSCIA0_IRQHandler                        
00000dc9  backwardStep                              
00000e5d  forwardStep                               
00000ee1  SystemCoreClockUpdate                     
00001155  SystemInit                                
0000120d  __aeabi_dsub                              
00001217  __aeabi_dadd                              
000013c3  __mpu_init                                
000013c5  sqrt                                      
000013c5  sqrtl                                     
00001535  CS_setDCOFrequency                        
00001681  __aeabi_ddiv                              
000017b7  __aeabi_dmul                              
000018b3  _system_post_cinit                        
000018b5  ldexp                                     
000018b5  ldexpl                                    
000018b5  scalbn                                    
000018b5  scalbnl                                   
000019b1  CS_initClockSignal                        
00001b43  __aeabi_memcpy                            
00001b43  __aeabi_memcpy4                           
00001b43  __aeabi_memcpy8                           
00001b43  memcpy                                    
00001be1  UART_initModule                           
00001c75  __aeabi_cdcmpeq                           
00001c75  __aeabi_cdcmple                           
00001cfb  __aeabi_cdrcmple                          
00001d81  __aeabi_memclr                            
00001d81  __aeabi_memclr4                           
00001d81  __aeabi_memclr8                           
00001d83  __aeabi_memset                            
00001d83  __aeabi_memset4                           
00001d83  __aeabi_memset8                           
00001d89  memset                                    
00001dfd  __TI_auto_init                            
00001e6d  __TI_decompress_lzss                      
00001ed5  Interrupt_disableInterrupt                
00001f39  Interrupt_enableInterrupt                 
00001f9d  CS_tuneDCOFrequency                       
00001ff1  _c_int00                                  
00002045  C$$EXIT                                   
00002049  abort                                     
00002051  exit                                      
00002099  SysCtl_getTLVInfo                         
000020e9  copy_in                                   
00002135  GPIO_setAsPeripheralModuleFunctionInputPin
0000217d  __aeabi_d2iz                              
000021c5  Timer_A_configureUpMode                   
00002209  UART_getEnabledInterruptStatus            
00002239  __aeabi_i2d                               
00002269  CS_setDCOCenteredFrequency                
0000228d  GPIO_setAsOutputPin                       
000022b1  UART_receiveData                          
000022d5  UART_transmitData                         
000022f9  GPIO_setOutputLowOnPin                    
00002311  _args_main                                
00002329  UART_enableInterrupt                      
00002341  GPIO_setOutputHighOnPin                   
00002355  _register_unlock                          
0000235b  _register_lock                            
00002363  _nop                                      
00002369  copysign                                  
00002369  copysignl                                 
0000237d  Interrupt_disableMaster                   
0000238d  Interrupt_enableMaster                    
0000239d  UART_clearInterruptFlag                   
000023ab  __TI_decompress_none                      
000023b9  Reset_Handler                             
000023c5  ADC14_IRQHandler                          
000023c5  AES256_IRQHandler                         
000023c5  BusFault_Handler                          
000023c5  COMP_E0_IRQHandler                        
000023c5  COMP_E1_IRQHandler                        
000023c5  CS_IRQHandler                             
000023c5  DMA_ERR_IRQHandler                        
000023c5  DMA_INT0_IRQHandler                       
000023c5  DMA_INT1_IRQHandler                       
000023c5  DMA_INT2_IRQHandler                       
000023c5  DMA_INT3_IRQHandler                       
000023c5  DebugMon_Handler                          
000023c5  Default_Handler                           
000023c5  EUSCIA1_IRQHandler                        
000023c5  EUSCIA2_IRQHandler                        
000023c5  EUSCIA3_IRQHandler                        
000023c5  EUSCIB0_IRQHandler                        
000023c5  EUSCIB1_IRQHandler                        
000023c5  EUSCIB2_IRQHandler                        
000023c5  EUSCIB3_IRQHandler                        
000023c5  FLCTL_IRQHandler                          
000023c5  FPU_IRQHandler                            
000023c5  HardFault_Handler                         
000023c5  MemManage_Handler                         
000023c5  NMI_Handler                               
000023c5  PCM_IRQHandler                            
000023c5  PORT1_IRQHandler                          
000023c5  PORT2_IRQHandler                          
000023c5  PORT3_IRQHandler                          
000023c5  PORT4_IRQHandler                          
000023c5  PORT5_IRQHandler                          
000023c5  PORT6_IRQHandler                          
000023c5  PSS_IRQHandler                            
000023c5  PendSV_Handler                            
000023c5  RTC_C_IRQHandler                          
000023c5  SVC_Handler                               
000023c5  SysTick_Handler                           
000023c5  T32_INT1_IRQHandler                       
000023c5  T32_INT2_IRQHandler                       
000023c5  T32_INTC_IRQHandler                       
000023c5  TA0_0_IRQHandler                          
000023c5  TA1_0_IRQHandler                          
000023c5  TA1_N_IRQHandler                          
000023c5  TA2_0_IRQHandler                          
000023c5  TA2_N_IRQHandler                          
000023c5  TA3_0_IRQHandler                          
000023c5  TA3_N_IRQHandler                          
000023c5  UsageFault_Handler                        
000023c5  WDT_A_IRQHandler                          
000023c7  CPU_cpsid                                 
000023d3  CPU_cpsie                                 
000023df  Timer_A_clearInterruptFlag                
000023eb  UART_enableModule                         
000023f7  __TI_zero_init                            
00002403  Timer_A_startCounter                      
0000240b  UART_getInterruptStatus                   
00002411  _system_pre_init                          
00002488  UART_init                                 
000024dc  config                                    
00002544  __TI_Handler_Table_Base                   
00002550  __TI_Handler_Table_Limit                  
00002558  __TI_CINIT_Base                           
00002568  __TI_CINIT_Limit                          
20000000  receivedBuffer                            
200003e8  checker                                   
200003ec  checker2                                  
200003f0  denum                                     
200003f4  digit                                     
200003f8  midpoint                                  
200003fc  n                                         
20000400  numOut                                    
20000404  phasecount                                
20000438  degreespertick                            
2000043c  checker3                                  
20000440  q                                         
20000444  intOut                                    
20000448  r                                         
2000044c  s                                         
20000450  __TI_cleanup_ptr                          
20000454  __TI_dtors_ptr                            
20000458  __TI_enable_exit_profile_output           
2000045c  _lock                                     
20000460  _unlock                                   
20000464  errno                                     
20000468  main_func_sp                              
2000046c  SystemCoreClock                           
2000fe00  __stack                                   
20010000  __STACK_END                               
4000480c  WDTCTL_SYM                                
ffffffff  __TI_pprof_out_hndl                       
ffffffff  __TI_prof_data_size                       
ffffffff  __TI_prof_data_start                      
ffffffff  __binit__                                 
ffffffff  __c_args__                                
ffffffff  binit                                     
UNDEFED   SHT$$INIT_ARRAY$$Base                     
UNDEFED   SHT$$INIT_ARRAY$$Limit                    

[174 symbols]
